Microchip MPLAB XC8 Compiler V2.40

Linker command line:

-W-3 \
  --edf=C:/Program Files/Microchip/MPLABX/v6.15/packs/Microchip/PIC16Fxxx_DFP/1.4.149/xc8\pic\dat\20230322214319_en.msgs \
  -cn -h+dist/default/production\Music_card.production.sym \
  --cmf=dist/default/production\Music_card.production.cmf -z -Q16F627A \
  -oC:\Users\earne\AppData\Local\Temp\xcAs4pc.4 --defsym=__MPLAB_BUILD=1 \
  --fixupoverflow=error -Mdist/default/production/Music_card.production.map \
  --md=C:\Users\earne\AppData\Local\Temp\xcAs4pc.dat -E1 -ver=XC8 Compiler \
  --acfsm=1493 -ACODE=00h-03FFh -ASTRCODE=00h-03FFh -ASTRING=00h-0FFhx4 \
  -ACONST=00h-0FFhx4 -AENTRY=00h-0FFhx4 -ACOMMON=070h-07Fh \
  -ABANK0=020h-06Fh -ABANK1=0A0h-0EFh -ABANK2=0120h-014Fh \
  -ARAM=020h-06Fh,0A0h-0EFh,0120h-014Fh \
  -AABS1=020h-07Fh,0A0h-0EFh,0120h-014Fh -ASFR0=00h-01Fh -ASFR1=080h-09Fh \
  -ASFR2=0100h-011Fh -ASFR3=0180h-01EFh -ACONFIG=02007h-02007h -DCONFIG=2 \
  -AIDLOC=02000h-02003h -DIDLOC=2 -AEEDATA=00h-07Fh/02100h \
  -peeprom_data=EEDATA -DEEDATA=2 -DCODE=2 -DSTRCODE=2 -DSTRING=2 -DCONST=2 \
  -DENTRY=2 -preset_vec=00h,intentry,init,end_init -ppowerup=CODE \
  -pcinit=CODE -pfunctab=ENTRY -k \
  C:\Users\earne\AppData\Local\Temp\xcAs4pc.o \
  dist/default/production\Music_card.production.o 

Object code version is 3.11

Machine type is 16F627A



                Name                               Link     Load   Length Selector   Space Scale
C:\Users\earne\AppData\Local\Temp\xcAs4pc.o
                end_init                              0        0        1        0       0
                config                             2007     2007        1        0       4
dist/default/production\Music_card.production.o
                cinit                               3FA      3FA        6      7F4       0
                config                             2007     2007        1        0       4
                text7                               1E5      1E5       12      3CA       0
                text6                               1F7      1F7       15      3EE       0
                text5                               35D      35D       9D      6BA       0
                text4                               2F4      2F4       69      5E8       0
                text3                               222      222       25      444       0
                text2                               247      247       4A      48E       0
                text1                               20C      20C       16      418       0
                maintext                            291      291       63      522       0
                cstackBANK0                          20       20        B       20       1
                cstackCOMMON                         70       70        E       70       1
                dataBANK0                            2B       2B        2       20       1
                strings                               1        1       7A        2       0
                idataBANK0                          1E3      1E3        2      3C6       0

TOTAL           Name                               Link     Load   Length     Space
        CLASS   CODE           
                end_init                              0        0        1         0
                cinit                               3FA      3FA        6         0
                text7                               1E5      1E5       12         0
                text6                               1F7      1F7       15         0
                text5                               35D      35D       9D         0
                text4                               2F4      2F4       69         0
                text3                               222      222       25         0
                text2                               247      247       4A         0
                text1                               20C      20C       16         0
                maintext                            291      291       63         0
                idataBANK0                          1E3      1E3        2         0

        CLASS   STRCODE        

        CLASS   STRING         
                strings                               1        1       7A         0

        CLASS   CONST          

        CLASS   ENTRY          

        CLASS   COMMON         
                cstackCOMMON                         70       70        E         1

        CLASS   BANK0          
                cstackBANK0                          20       20        B         1
                dataBANK0                            2B       2B        2         1

        CLASS   BANK1          

        CLASS   BANK2          

        CLASS   RAM            

        CLASS   ABS1           
                abs_s1                               7E       7E        2         1

        CLASS   SFR0           

        CLASS   SFR1           

        CLASS   SFR2           

        CLASS   SFR3           

        CLASS   CONFIG         
                config                             2007     2007        1         4

        CLASS   IDLOC          

        CLASS   EEDATA         

        CLASS   BANK3          

        CLASS   STACK          



SEGMENTS        Name                           Load    Length   Top    Selector   Space  Class     Delta

                reset_vec                      000000  000001  000001         0       0  CODE        2
                strings                        000001  00007A  00007B         2       0  STRING      2
                cstackBANK0                    000020  00000D  00002D        20       1  BANK0       1
                cstackCOMMON                   000070  00000E  00007E        70       1  COMMON      1
                idataBANK0                     0001E3  000002  0001E5       3C6       0  CODE        2
                text7                          0001E5  000012  0001F7       3CA       0  CODE        2
                text6                          0001F7  000015  00020C       3EE       0  CODE        2
                text1                          00020C  000016  000222       418       0  CODE        2
                text3                          000222  000025  000247       444       0  CODE        2
                text2                          000247  00004A  000291       48E       0  CODE        2
                maintext                       000291  000063  0002F4       522       0  CODE        2
                text4                          0002F4  000069  00035D       5E8       0  CODE        2
                text5                          00035D  00009D  0003FA       6BA       0  CODE        2
                cinit                          0003FA  000006  000400       7F4       0  CODE        2


UNUSED ADDRESS RANGES

        Name                Unused          Largest block    Delta
        BANK0            002D-006F             43           1
        BANK1            00A0-00EF             50           1
        BANK2            0120-014F             30           1
        CODE             007B-01E2            168           2
        CONST            007B-01E2             85           2
        EEDATA           2100-217F             80           2
        ENTRY            007B-01E2             85           2
        IDLOC            2000-2003              4           2
        RAM              002D-006F             43           1
                         00A0-00EF             50
                         0120-014F             30
        SFR0             0000-001F             20           1
        SFR1             0080-009F             20           1
        SFR2             0100-011F             20           1
        SFR3             0180-01EF             70           1
        STRCODE          007B-01E2            168           2
        STRING           007B-01E2             85           2

                                  Symbol Table

?___aldiv                cstackCOMMON 0070
?___awdiv                cstackCOMMON 0076
?___wmul                 cstackCOMMON 0070
Freq_alt@duty_cycle      cstackCOMMON 007D
Freq_alt@x               cstackBANK0  0026
_CCP1CONbits             (abs)        0017
_CCPR1L                  (abs)        0015
_CMCONbits               (abs)        001F
_Freq_alt                text2        0247
_PORTAbits               (abs)        0005
_PR2                     (abs)        0092
_T2CON                   (abs)        0012
_TRISA0                  (abs)        0428
_TRISA2                  (abs)        042A
_TRISA3                  (abs)        042B
_TRISB3                  (abs)        0433
__Habs1                  abs1         0000
__Hbank0                 bank0        0000
__Hbank1                 bank1        0000
__Hbank2                 bank2        0000
__Hbank3                 bank3        0000
__Hcinit                 cinit        0400
__Hclrtext               clrtext      0000
__Hcode                  code         0000
__Hcommon                common       0000
__Hconfig                config       2008
__HcstackBANK0           cstackBANK0  0000
__HcstackCOMMON          cstackCOMMON 0000
__HdataBANK0             dataBANK0    0000
__Heeprom_data           eeprom_data  0000
__Hend_init              end_init     0001
__Hfunctab               functab      0000
__HidataBANK0            idataBANK0   0000
__Hinit                  init         0000
__Hintentry              intentry     0000
__Hmaintext              maintext     0000
__Hpowerup               powerup      0000
__Hram                   ram          0000
__Hreset_vec             reset_vec    0000
__Hsfr0                  sfr0         0000
__Hsfr1                  sfr1         0000
__Hsfr2                  sfr2         0000
__Hsfr3                  sfr3         0000
__Hspace_0               (abs)        0400
__Hspace_1               (abs)        007E
__Hspace_2               (abs)        0000
__Hspace_3               (abs)        0000
__Hspace_4               (abs)        400F
__Hstack                 stack        0000
__Hstrings               strings      0000
__Htext                  text         0000
__Labs1                  abs1         0000
__Lbank0                 bank0        0000
__Lbank1                 bank1        0000
__Lbank2                 bank2        0000
__Lbank3                 bank3        0000
__Lcinit                 cinit        03FA
__Lclrtext               clrtext      0000
__Lcode                  code         0000
__Lcommon                common       0000
__Lconfig                config       0000
__LcstackBANK0           cstackBANK0  0000
__LcstackCOMMON          cstackCOMMON 0000
__LdataBANK0             dataBANK0    0000
__Leeprom_data           eeprom_data  0000
__Lend_init              end_init     0000
__Lfunctab               functab      0000
__LidataBANK0            idataBANK0   0000
__Linit                  init         0000
__Lintentry              intentry     0000
__Lmaintext              maintext     0000
__Lpowerup               powerup      0000
__Lram                   ram          0000
__Lreset_vec             reset_vec    0000
__Lsfr0                  sfr0         0000
__Lsfr1                  sfr1         0000
__Lsfr2                  sfr2         0000
__Lsfr3                  sfr3         0000
__Lspace_0               (abs)        0000
__Lspace_1               (abs)        0000
__Lspace_2               (abs)        0000
__Lspace_3               (abs)        0000
__Lspace_4               (abs)        0000
__Lstack                 stack        0000
__Lstrings               strings      0000
__Ltext                  text         0000
__S0                     (abs)        0400
__S1                     (abs)        007E
__S3                     (abs)        0000
___aldiv                 text5        035D
___aldiv@counter         cstackBANK0  0020
___aldiv@dividend        cstackCOMMON 0074
___aldiv@divisor         cstackCOMMON 0070
___aldiv@quotient        cstackBANK0  0022
___aldiv@sign            cstackBANK0  0021
___awdiv                 text4        02F4
___awdiv@counter         cstackBANK0  0020
___awdiv@dividend        cstackCOMMON 0078
___awdiv@divisor         cstackCOMMON 0076
___awdiv@quotient        cstackBANK0  0022
___awdiv@sign            cstackBANK0  0021
___int_sp                stack        0000
___latbits               (abs)        0000
___sp                    stack        0000
___stackhi               (abs)        0000
___stacklo               (abs)        0000
___wmul                  text3        0222
___wmul@multiplicand     cstackCOMMON 0072
___wmul@multiplier       cstackCOMMON 0070
___wmul@product          cstackCOMMON 0074
__end_of_Freq_alt        text2        0291
__end_of___aldiv         text5        03FA
__end_of___awdiv         text4        035D
__end_of___wmul          text3        0247
__end_of__initialization cinit        03FE
__end_of__stringtab      strings      0007
__end_of_buz_switch      text7        01F7
__end_of_delay_ms        text6        020C
__end_of_hbd_array       strings      007B
__end_of_init            text1        0222
__end_of_main            maintext     02F4
__initialization         cinit        03FA
__pcstackBANK0           cstackBANK0  0020
__pcstackCOMMON          cstackCOMMON 0070
__pdataBANK0             dataBANK0    002B
__pidataBANK0            idataBANK0   01E3
__pmaintext              maintext     0291
__pstrings               strings      0001
__ptext1                 text1        020C
__ptext2                 text2        0247
__ptext3                 text3        0222
__ptext4                 text4        02F4
__ptext5                 text5        035D
__ptext6                 text6        01F7
__ptext7                 text7        01E5
__stringbase             strings      0006
__stringtab              strings      0001
_buz_switch              text7        01E5
_delay_ms                text6        01F7
_hbd_array               strings      0007
_init                    text1        020C
_main                    maintext     0291
btemp                    (abs)        007E
buz_switch@x             cstackCOMMON 0070
delay_ms@ms              cstackCOMMON 0070
end_of_initialization    cinit        03FE
intlevel0                functab      0000
intlevel1                functab      0000
intlevel2                functab      0000
intlevel3                functab      0000
intlevel4                functab      0000
intlevel5                functab      0000
main@i                   cstackBANK0  0029
reset_vec                reset_vec    0000
start                    init         0000
start_initialization     cinit        03FA
wtemp0                   (abs)        007E


MODULE INFORMATION

Module		Function		Class		Link	Load	Size
C:\Program Files\Microchip\xc8\v2.40\pic\sources\c90\common\awdiv.c
		___awdiv       		CODE           	02F4	0000	105

C:\Program Files\Microchip\xc8\v2.40\pic\sources\c90\common\awdiv.c estimated size: 105

C:\Program Files\Microchip\xc8\v2.40\pic\sources\c90\common\aldiv.c
		___aldiv       		CODE           	035D	0000	157

C:\Program Files\Microchip\xc8\v2.40\pic\sources\c90\common\aldiv.c estimated size: 157

C:\Program Files\Microchip\xc8\v2.40\pic\sources\c90\common\Umul16.c
		___wmul        		CODE           	0222	0000	37

C:\Program Files\Microchip\xc8\v2.40\pic\sources\c90\common\Umul16.c estimated size: 37

shared
		_hbd_array     		STRING         	0007	0000	116
		__stringtab    		STRING         	0001	0000	6
		__initialization		CODE           	03FA	0000	4

shared estimated size: 126

main.c
		_buz_switch    		CODE           	01E5	0000	18
		_init          		CODE           	020C	0000	22
		_main          		CODE           	0291	0000	99
		_Freq_alt      		CODE           	0247	0000	74
		_delay_ms      		CODE           	01F7	0000	21

main.c estimated size: 234

